(agda2-info-action "*Error*" "Highlighting.agda:115,25-25 Highlighting.agda:115,25: Parse error -#}<ERROR> -- NATURAL should be highlig..." nil)
((last . 3) . (agda2-maybe-goto '("Highlighting.agda" . 2299)))
(agda2-highlight-add-annotations 'nil)
(agda2-status-action "")
